133PS C:\Users\Admin\Desktop\d1> git init
Initialized empty Git repository in C:/Users/Admin/Desktop/d1/.git/
PS C:\Users\Admin\Desktop\d1> git commit -m 'a'
Author identity unknown

*** Please tell me who you are.

Run

  git config --global user.email "you@example.com"
  git config --global user.name "Your Name"

to set your account's default identity.
Omit --global to set the identity only in this repository.

fatal: unable to auto-detect email address (got 'Admin@DESKTOP-JPC9IOD.(none)')
PS C:\Users\Admin\Desktop\d1> git config --global user.email "dipanshupatel1455@gmail.com"  
>>   git config --global user.name "Dipanshu145"
PS C:\Users\Admin\Desktop\d1> git commit -m 'a'
On branch master

Initial commit

Untracked files:
  (use "git add <file>..." to include in what will be committed)
        read.txt

nothing added to commit but untracked files present (use "git add" to track)
PS C:\Users\Admin\Desktop\d1> git add .
PS C:\Users\Admin\Desktop\d1> git commit -m 'a'
[master (root-commit) dfca508] a
 1 file changed, 1 insertion(+)
 create mode 100644 read.txt
PS C:\Users\Admin\Desktop\d1> git push https://github.com/Dipanshu145/Demo.git
fatal: The current branch master has no upstream branch.
To push the current branch and set the remote as upstream, use

    git push --set-upstream https://github.com/Dipanshu145/Demo.git master

To have this happen automatically for branches without a tracking
upstream, see 'push.autoSetupRemote' in 'git help config'.

PS C:\Users\Admin\Desktop\d1> push.autoSetupRemote
push.autoSetupRemote : The term 'push.autoSetupRemote' is not recognized as the name of a cmdlet, function, script file, or operable 
program. Check the spelling of the name, or if a path was included, verify that the path is correct and try again.
At line:1 char:1
+ push.autoSetupRemote
+ ~~~~~~~~~~~~~~~~~~~~
    + CategoryInfo          : ObjectNotFound: (push.autoSetupRemote:String) [], CommandNotFoundException
    + FullyQualifiedErrorId : CommandNotFoundException

PS C:\Users\Admin\Desktop\d1> git push.autoSetupRemote https://github.com/Dipanshu145/Demo.git 
git: 'push.autoSetupRemote' is not a git command. See 'git --help'.
PS C:\Users\Admin\Desktop\d1> git remote add origin https://github.com/Dipanshu145/Demo.git   
PS C:\Users\Admin\Desktop\d1> git branch -M main
PS C:\Users\Admin\Desktop\d1> git push -u origin main
To https://github.com/Dipanshu145/Demo.git
 ! [rejected]        main -> main (fetch first)
error: failed to push some refs to 'https://github.com/Dipanshu145/Demo.git'
hint: Updates were rejected because the remote contains work that you do not
hint: have locally. This is usually caused by another repository pushing to
hint: the same ref. If you want to integrate the remote changes, use
hint: 'git pull' before pushing again.
hint: See the 'Note about fast-forwards' in 'git push --help' for details.
PS C:\Users\Admin\Desktop\d1> git push
fatal: The current branch main has no upstream branch.
To push the current branch and set the remote as upstream, use

    git push --set-upstream origin main

To have this happen automatically for branches without a tracking
upstream, see 'push.autoSetupRemote' in 'git help config'.

PS C:\Users\Admin\Desktop\d1> git remote add origin https://github.com/Dipanshu145/Demo.git
error: remote origin already exists.
PS C:\Users\Admin\Desktop\d1> git branch -M main
PS C:\Users\Admin\Desktop\d1> git push -u origin main
To https://github.com/Dipanshu145/Demo.git
 ! [rejected]        main -> main (fetch first)
error: failed to push some refs to 'https://github.com/Dipanshu145/Demo.git'
hint: Updates were rejected because the remote contains work that you do not
hint: have locally. This is usually caused by another repository pushing to
hint: the same ref. If you want to integrate the remote changes, use
hint: 'git pull' before pushing again.
hint: See the 'Note about fast-forwards' in 'git push --help' for details.
PS C:\Users\Admin\Desktop\d1> git --help
usage: git [-v | --version] [-h | --help] [-C <path>] [-c <name>=<value>]
           [--exec-path[=<path>]] [--html-path] [--man-path] [--info-path]
           [-p | --paginate | -P | --no-pager] [--no-replace-objects] [--no-lazy-fetch]
           [--no-optional-locks] [--no-advice] [--bare] [--git-dir=<path>]
           [--work-tree=<path>] [--namespace=<name>] [--config-env=<name>=<envvar>]
           <command> [<args>]

These are common Git commands used in various situations:

start a working area (see also: git help tutorial)
   clone      Clone a repository into a new directory
   init       Create an empty Git repository or reinitialize an existing one

work on the current change (see also: git help everyday)
   add        Add file contents to the index
   mv         Move or rename a file, a directory, or a symlink
   restore    Restore working tree files
   rm         Remove files from the working tree and from the index

examine the history and state (see also: git help revisions)
   bisect     Use binary search to find the commit that introduced a bug
   diff       Show changes between commits, commit and working tree, etc
   grep       Print lines matching a pattern
   log        Show commit logs
   show       Show various types of objects
   status     Show the working tree status

grow, mark and tweak your common history
   backfill   Download missing objects in a partial clone
   branch     List, create, or delete branches
   commit     Record changes to the repository
   merge      Join two or more development histories together
   rebase     Reapply commits on top of another base tip
   reset      Reset current HEAD to the specified state
   switch     Switch branches
   tag        Create, list, delete or verify a tag object signed with GPG

collaborate (see also: git help workflows)
   fetch      Download objects and refs from another repository
   pull       Fetch from and integrate with another repository or a local branch
   push       Update remote refs along with associated objects

'git help -a' and 'git help -g' list available subcommands and some
concept guides. See 'git help <command>' or 'git help <concept>'
to read about a specific subcommand or concept.
See 'git help git' for an overview of the system.
PS C:\Users\Admin\Desktop\d1> git init
Reinitialized existing Git repository in C:/Users/Admin/Desktop/d1/.git/
PS C:\Users\Admin\Desktop\d1> git commit -m 'a'
On branch main
nothing to commit, working tree clean
PS C:\Users\Admin\Desktop\d1> git push 
fatal: The current branch main has no upstream branch.
To push the current branch and set the remote as upstream, use

    git push --set-upstream origin main

To have this happen automatically for branches without a tracking
upstream, see 'push.autoSetupRemote' in 'git help config'.

PS C:\Users\Admin\Desktop\d1> git push --set-upstream origin main
To https://github.com/Dipanshu145/Demo.git
 ! [rejected]        main -> main (fetch first)
error: failed to push some refs to 'https://github.com/Dipanshu145/Demo.git'
hint: Updates were rejected because the remote contains work that you do not
hint: have locally. This is usually caused by another repository pushing to
hint: the same ref. If you want to integrate the remote changes, use
hint: 'git pull' before pushing again.
hint: See the 'Note about fast-forwards' in 'git push --help' for details.
PS C:\Users\Admin\Desktop\d1> git pusll
git: 'pusll' is not a git command. See 'git --help'.

The most similar command is
        pull
PS C:\Users\Admin\Desktop\d1> git pull 
remote: Enumerating objects: 3, done.
remote: Counting objects: 100% (3/3), done.
remote: Total 3 (delta 0), reused 0 (delta 0), pack-reused 0 (from 0)
Unpacking objects: 100% (3/3), 854 bytes | 122.00 KiB/s, done.
From https://github.com/Dipanshu145/Demo
 * [new branch]      main       -> origin/main
There is no tracking information for the current branch.
Please specify which branch you want to merge with.
See git-pull(1) for details.

    git pull <remote> <branch>

If you wish to set tracking information for this branch you can do so with:

    git branch --set-upstream-to=origin/<branch> main

PS C:\Users\Admin\Desktop\d1> git pull origin main
From https://github.com/Dipanshu145/Demo
 * branch            main       -> FETCH_HEAD
fatal: refusing to merge unrelated histories
PS C:\Users\Admin\Desktop\d1> git clone
fatal: You must specify a repository to clone.

usage: git clone [<options>] [--] <repo> [<dir>]

    -v, --[no-]verbose    be more verbose
    -q, --[no-]quiet      be more quiet
    --[no-]progress       force progress reporting
    --[no-]reject-shallow don't clone shallow repository
    -n, --no-checkout     don't create a checkout
    --checkout            opposite of --no-checkout
    --[no-]bare           create a bare repository
    --[no-]mirror         create a mirror repository (implies --bare)
    -l, --[no-]local      to clone from a local repository
    --no-hardlinks        don't use local hardlinks, always copy
    --hardlinks           opposite of --no-hardlinks
    -s, --[no-]shared     setup as shared repository
    --[no-]recurse-submodules[=<pathspec>]
                          initialize submodules in the clone
    --[no-]recursive ...  alias of --recurse-submodules
    -j, --[no-]jobs <n>   number of submodules cloned in parallel
    --[no-]template <template-directory>
                          directory from which templates will be used
    --[no-]reference <repo>
                          reference repository
    --[no-]reference-if-able <repo>
                          reference repository
    --[no-]dissociate     use --reference only while cloning
    -o, --[no-]origin <name>
                          use <name> instead of 'origin' to track upstream
    -b, --[no-]branch <branch>
                          checkout <branch> instead of the remote's HEAD
    --[no-]revision <rev> clone single revision <rev> and check out
    -u, --[no-]upload-pack <path>
                          path to git-upload-pack on the remote
    --[no-]depth <depth>  create a shallow clone of that depth
    --[no-]shallow-since <time>
                          create a shallow clone since a specific time
    --[no-]shallow-exclude <ref>
                          deepen history of shallow clone, excluding ref
    --[no-]single-branch  clone only one branch, HEAD or --branch
    --[no-]tags           clone tags, and make later fetches not to follow them
    --[no-]shallow-submodules
                          any cloned submodules will be shallow
    --[no-]separate-git-dir <gitdir>
                          separate git dir from working tree
    --[no-]ref-format <format>
                          specify the reference format to use
    -c, --[no-]config <key=value>
                          set config inside the new repository
    --[no-]server-option <server-specific>
                          option to transmit
    -4, --ipv4            use IPv4 addresses only
    -6, --ipv6            use IPv6 addresses only
    --[no-]filter <args>  object filtering
    --[no-]also-filter-submodules
                          apply partial clone filters to submodules
    --[no-]remote-submodules
                          any cloned submodules will use their remote-tracking branch
    --[no-]sparse         initialize sparse-checkout file to include only files at root
    --[no-]bundle-uri <uri>
                          a URI for downloading bundles before fetching from origin remote

PS C:\Users\Admin\Desktop\d1> git clone git push --set-upstream origin main
error: unknown option `set-upstream'
usage: git clone [<options>] [--] <repo> [<dir>]

    -v, --[no-]verbose    be more verbose
    -q, --[no-]quiet      be more quiet
    --[no-]progress       force progress reporting
    --[no-]reject-shallow don't clone shallow repository
    -n, --no-checkout     don't create a checkout
    --checkout            opposite of --no-checkout
    --[no-]bare           create a bare repository
    --[no-]mirror         create a mirror repository (implies --bare)
    -l, --[no-]local      to clone from a local repository
    --no-hardlinks        don't use local hardlinks, always copy
    --hardlinks           opposite of --no-hardlinks
    -s, --[no-]shared     setup as shared repository
    --[no-]recurse-submodules[=<pathspec>]
                          initialize submodules in the clone
    --[no-]recursive[=<pathspec>]
                          alias of --recurse-submodules
    -j, --[no-]jobs <n>   number of submodules cloned in parallel
    --[no-]template <template-directory>
                          directory from which templates will be used
    --[no-]reference <repo>
                          reference repository
    --[no-]reference-if-able <repo>
                          reference repository
    --[no-]dissociate     use --reference only while cloning
    -o, --[no-]origin <name>
                          use <name> instead of 'origin' to track upstream
    -b, --[no-]branch <branch>
                          checkout <branch> instead of the remote's HEAD
    --[no-]revision <rev> clone single revision <rev> and check out
    -u, --[no-]upload-pack <path>
                          path to git-upload-pack on the remote
    --[no-]depth <depth>  create a shallow clone of that depth
    --[no-]shallow-since <time>
                          create a shallow clone since a specific time
    --[no-]shallow-exclude <ref>
                          deepen history of shallow clone, excluding ref
    --[no-]single-branch  clone only one branch, HEAD or --branch
    --[no-]tags           clone tags, and make later fetches not to follow them
    --[no-]shallow-submodules
                          any cloned submodules will be shallow
    --[no-]separate-git-dir <gitdir>
                          separate git dir from working tree
    --[no-]ref-format <format>
                          specify the reference format to use
    -c, --[no-]config <key=value>
                          set config inside the new repository
    --[no-]server-option <server-specific>
                          option to transmit
    -4, --ipv4            use IPv4 addresses only
    -6, --ipv6            use IPv6 addresses only
    --[no-]filter <args>  object filtering
    --[no-]also-filter-submodules
                          apply partial clone filters to submodules
    --[no-]remote-submodules
                          any cloned submodules will use their remote-tracking branch
    --[no-]sparse         initialize sparse-checkout file to include only files at root
    --[no-]bundle-uri <uri>
                          a URI for downloading bundles before fetching from origin remote

PS C:\Users\Admin\Desktop\d1> git clone https://github.com/Dipanshu145/Demo.git
Cloning into 'Demo'...
remote: Enumerating objects: 3, done.
remote: Counting objects: 100% (3/3), done.
remote: Total 3 (delta 0), reused 0 (delta 0), pack-reused 0 (from 0)
Receiving objects: 100% (3/3), done.
PS C:\Users\Admin\Desktop\d1> git push
fatal: The current branch main has no upstream branch.
To push the current branch and set the remote as upstream, use

    git push --set-upstream origin main

To have this happen automatically for branches without a tracking
upstream, see 'push.autoSetupRemote' in 'git help config'.

PS C:\Users\Admin\Desktop\d1> git push https://github.com/Dipanshu145/Demo.git
To https://github.com/Dipanshu145/Demo.git
 ! [rejected]        main -> main (non-fast-forward)
error: failed to push some refs to 'https://github.com/Dipanshu145/Demo.git'
hint: Updates were rejected because the tip of your current branch is behind
hint: its remote counterpart. If you want to integrate the remote changes,
hint: use 'git pull' before pushing again.
hint: See the 'Note about fast-forwards' in 'git push --help' for details.
PS C:\Users\Admin\Desktop\d1> cd Demo
PS C:\Users\Admin\Desktop\d1\Demo> https://github.com/Dipanshu145/Demo.git
https://github.com/Dipanshu145/Demo.git : The term 'https://github.com/Dipanshu145/Demo.git' is not recognized as the name of a 
cmdlet, function, script file, or operable program. Check the spelling of the name, or if a path was included, verify that the path    
is correct and try again.
At line:1 char:1
+ https://github.com/Dipanshu145/Demo.git
+ ~~~~~~~~~~~~~~~~~~~~~~~~~~~~~~~~~~~~~~~
    + CategoryInfo          : ObjectNotFound: (https://github.com/Dipanshu145/Demo.git:String) [], CommandNotFoundException
    + FullyQualifiedErrorId : CommandNotFoundException

PS C:\Users\Admin\Desktop\d1\Demo> git init
Reinitialized existing Git repository in C:/Users/Admin/Desktop/d1/Demo/.git/
PS C:\Users\Admin\Desktop\d1\Demo> git add .
PS C:\Users\Admin\Desktop\d1\Demo> git commit -m 'a'
[main 4007b8c] a
 1 file changed, 10 insertions(+), 1 deletion(-)
PS C:\Users\Admin\Desktop\d1\Demo> git push
Enumerating objects: 5, done.
Counting objects: 100% (5/5), done.
Writing objects: 100% (3/3), 269 bytes | 269.00 KiB/s, done.
Total 3 (delta 0), reused 0 (delta 0), pack-reused 0 (from 0)
To https://github.com/Dipanshu145/Demo.git
   a41e08a..4007b8c  main -> main
PS C:\Users\Admin\Desktop\d1\Demo> git add
Nothing specified, nothing added.
hint: Maybe you wanted to say 'git add .'?
hint: Disable this message with "git config set advice.addEmptyPathspec false"
PS C:\Users\Admin\Desktop\d1\Demo> git add .
PS C:\Users\Admin\Desktop\d1\Demo> git push
Everything up-to-date
PS C:\Users\Admin\Desktop\d1\Demo> 